// Jest Snapshot v1, https://goo.gl/fbAQLP

exports[`<CardList> renders the expected component 1`] = `
<Fragment>
  <Card
    email="test@test.com"
    id={12}
    key="12"
    name="some name"
  />
  <Card
    email="dev@dev.com"
    id={34}
    key="34"
    name="dev robot"
  />
</Fragment>
`;
