// Jest Snapshot v1, https://goo.gl/fbAQLP

exports[`<Header> renders the expected component 1`] = `
<h1
  className="f1"
>
  Robofriends
</h1>
`;
